W0330 17:50:50.336000 79978 torch/distributed/run.py:803] 
W0330 17:50:50.336000 79978 torch/distributed/run.py:803] *****************************************
W0330 17:50:50.336000 79978 torch/distributed/run.py:803] Setting OMP_NUM_THREADS environment variable for each process to be 1 in default, to avoid your system being overloaded, please further tune the variable for optimal performance in your application as needed. 
W0330 17:50:50.336000 79978 torch/distributed/run.py:803] *****************************************
logs/63adc402-2f71-4e9a-9931-3ef2aecbefb8.txt
/root/parameter-golf/train_gpt_mlp35_mixed.py:663: UserWarning: The given NumPy array is not writable, and PyTorch does not support non-writable tensors. This means writing to this tensor will result in undefined behavior. You may want to copy the array to protect its data or make it writable before converting it to a tensor. This type of warning will be suppressed for the rest of this program. (Triggered internally at /pytorch/torch/csrc/utils/tensor_numpy.cpp:206.)
  return torch.from_numpy(_get_shard_memmap(file))
/root/parameter-golf/train_gpt_mlp35_mixed.py:663: UserWarning: The given NumPy array is not writable, and PyTorch does not support non-writable tensors. This means writing to this tensor will result in undefined behavior. You may want to copy the array to protect its data or make it writable before converting it to a tensor. This type of warning will be suppressed for the rest of this program. (Triggered internally at /pytorch/torch/csrc/utils/tensor_numpy.cpp:206.)
  return torch.from_numpy(_get_shard_memmap(file))
val_bpb:enabled tokenizer_kind=sentencepiece tokenizer_path=./data/tokenizers/fineweb_1024_bpe.model
train_loader:dataset:fineweb10B_sp1024 train_shards:10
val_loader:shards pattern=./data/datasets/fineweb10B_sp1024/fineweb_val_*.bin tokens:62021632
/root/parameter-golf/train_gpt_mlp35_mixed.py:663: UserWarning: The given NumPy array is not writable, and PyTorch does not support non-writable tensors. This means writing to this tensor will result in undefined behavior. You may want to copy the array to protect its data or make it writable before converting it to a tensor. This type of warning will be suppressed for the rest of this program. (Triggered internally at /pytorch/torch/csrc/utils/tensor_numpy.cpp:206.)
  return torch.from_numpy(_get_shard_memmap(file))
/root/parameter-golf/train_gpt_mlp35_mixed.py:663: UserWarning: The given NumPy array is not writable, and PyTorch does not support non-writable tensors. This means writing to this tensor will result in undefined behavior. You may want to copy the array to protect its data or make it writable before converting it to a tensor. This type of warning will be suppressed for the rest of this program. (Triggered internally at /pytorch/torch/csrc/utils/tensor_numpy.cpp:206.)
  return torch.from_numpy(_get_shard_memmap(file))
/root/parameter-golf/train_gpt_mlp35_mixed.py:663: UserWarning: The given NumPy array is not writable, and PyTorch does not support non-writable tensors. This means writing to this tensor will result in undefined behavior. You may want to copy the array to protect its data or make it writable before converting it to a tensor. This type of warning will be suppressed for the rest of this program. (Triggered internally at /pytorch/torch/csrc/utils/tensor_numpy.cpp:206.)
  return torch.from_numpy(_get_shard_memmap(file))
/root/parameter-golf/train_gpt_mlp35_mixed.py:663: UserWarning: The given NumPy array is not writable, and PyTorch does not support non-writable tensors. This means writing to this tensor will result in undefined behavior. You may want to copy the array to protect its data or make it writable before converting it to a tensor. This type of warning will be suppressed for the rest of this program. (Triggered internally at /pytorch/torch/csrc/utils/tensor_numpy.cpp:206.)
  return torch.from_numpy(_get_shard_memmap(file))
/root/parameter-golf/train_gpt_mlp35_mixed.py:663: UserWarning: The given NumPy array is not writable, and PyTorch does not support non-writable tensors. This means writing to this tensor will result in undefined behavior. You may want to copy the array to protect its data or make it writable before converting it to a tensor. This type of warning will be suppressed for the rest of this program. (Triggered internally at /pytorch/torch/csrc/utils/tensor_numpy.cpp:206.)
  return torch.from_numpy(_get_shard_memmap(file))
/root/parameter-golf/train_gpt_mlp35_mixed.py:663: UserWarning: The given NumPy array is not writable, and PyTorch does not support non-writable tensors. This means writing to this tensor will result in undefined behavior. You may want to copy the array to protect its data or make it writable before converting it to a tensor. This type of warning will be suppressed for the rest of this program. (Triggered internally at /pytorch/torch/csrc/utils/tensor_numpy.cpp:206.)
  return torch.from_numpy(_get_shard_memmap(file))
model_params:29951068
fused_mlp:True
cutlass_evt:True
compressor:brotli
optimizer:standard_NS5
mtp_num_heads:0 mtp_loss_weight:0.2 mtp_params:0
XSA:last_11 active_layers:[0, 1, 2, 3, 4, 5, 6, 7, 8, 9, 10]
world_size:8 grad_accum_steps:1
sdp_backends:cudnn=False flash=True mem_efficient=False math=False
attention_mode:gqa num_heads:8 num_kv_heads:4
tie_embeddings:True embed_lr:0.035 head_lr:0.0 matrix_lr:0.025 scalar_lr:0.025
train_batch_tokens:786432 train_seq_len:2048 iterations:20000 warmup_steps:20 max_wallclock_seconds:600.000
seed:1337
warmup_step:1/20
warmup_step:2/20
warmup_step:3/20
warmup_step:4/20
warmup_step:5/20
warmup_step:6/20
warmup_step:7/20
warmup_step:8/20
warmup_step:9/20
warmup_step:10/20
warmup_step:11/20
warmup_step:12/20
warmup_step:13/20
warmup_step:14/20
warmup_step:15/20
warmup_step:16/20
warmup_step:17/20
warmup_step:18/20
warmup_step:19/20
warmup_step:20/20
step:0/20000 val_loss:6.9301 val_bpb:4.1044 train_time:0ms step_avg:0.01ms
step:1/20000 train_loss:6.9273 train_time:133ms step_avg:133.49ms
step:2/20000 train_loss:8.6284 train_time:164ms step_avg:82.07ms
step:3/20000 train_loss:7.4888 train_time:248ms step_avg:82.70ms
step:4/20000 train_loss:7.2054 train_time:334ms step_avg:83.46ms
step:5/20000 train_loss:7.1167 train_time:420ms step_avg:83.97ms
step:6/20000 train_loss:6.9003 train_time:505ms step_avg:84.14ms
step:7/20000 train_loss:6.9451 train_time:592ms step_avg:84.58ms
step:8/20000 train_loss:6.6706 train_time:676ms step_avg:84.53ms
step:9/20000 train_loss:6.3851 train_time:762ms step_avg:84.67ms
step:10/20000 train_loss:6.1061 train_time:847ms step_avg:84.73ms
step:500/20000 train_loss:2.2626 train_time:43507ms step_avg:87.01ms
step:1000/20000 train_loss:2.1233 train_time:87133ms step_avg:87.13ms
step:1500/20000 train_loss:2.1605 train_time:130856ms step_avg:87.24ms
step:2000/20000 train_loss:2.0676 train_time:174589ms step_avg:87.29ms
step:2500/20000 train_loss:2.0581 train_time:218341ms step_avg:87.34ms
step:3000/20000 train_loss:2.0620 train_time:262854ms step_avg:87.62ms
step:3500/20000 train_loss:2.0488 train_time:306608ms step_avg:87.60ms
step:4000/20000 train_loss:1.9681 train_time:351109ms step_avg:87.78ms
step:4000/20000 val_loss:2.0165 val_bpb:1.1943 train_time:351167ms step_avg:87.79ms
step:4500/20000 train_loss:2.0305 train_time:394883ms step_avg:87.75ms
step:5000/20000 train_loss:1.9698 train_time:438965ms step_avg:87.79ms
step:5500/20000 train_loss:1.9551 train_time:482740ms step_avg:87.77ms
step:6000/20000 train_loss:1.9543 train_time:526505ms step_avg:87.75ms
swa:start step:6150
late_qat:enabled step:6309 scale:0.1499
step:6500/20000 train_loss:1.9202 train_time:570825ms step_avg:87.82ms
step:6828/20000 val_loss:1.9046 val_bpb:1.1280 train_time:600080ms step_avg:87.89ms
stopping_early: wallclock_cap train_time:600080ms step:6828/20000
peak memory allocated: 23945 MiB reserved: 24178 MiB
ema:applying EMA weights
DIAGNOSTIC post_ema val_loss:1.9013 val_bpb:1.1261 eval_time:2131ms
Serialized model: 117823926 bytes
Code size: 131305 bytes
gptq:building non-banked model for Hessian collection...
gptq:generating autoregressive calibration data (64 seqs x 2048 tokens, temp=0.8)...
gptq:generated 64 sequences in 164.2s
gptq:collecting hessians from autoregressive data...
gptq:collected hessians for 68 layers (AR self-gen)
mixed_quant: 10 int6, 56 int5
mixed_quant: int6 layers: ['blocks.0.mlp.proj.weight', 'blocks.1.mlp.proj.weight', 'blocks.2.mlp.proj.weight', 'blocks.3.mlp.proj.weight', 'blocks.4.mlp.proj.weight']...
selective_prune: 7131423 ±1 candidates, unpruned=13.85MB target=15.9MB
selective_prune: already fits, no pruning needed
Serialized model int6+brotli: 14394175 bytes
Total submission size int6+brotli: 14525480 bytes
final_int6_roundtrip val_loss:1.9190 val_bpb:1.1365 eval_time:5844ms
final_int6_roundtrip_exact val_loss:1.91899624 val_bpb:1.13653766
final_int6_sliding_window val_loss:1.8791 val_bpb:1.1129 stride:64 eval_time:78514ms
final_int6_sliding_window_exact val_loss:1.87910171 val_bpb:1.11291282
final_int8_zlib_roundtrip_exact val_loss:1.87910171 val_bpb:1.11291282
